src/components/Starfield.tsx(57,7): error TS18047: 'mesh.current' is possibly 'null'.
src/components/Starfield.tsx(74,57): error TS2322: Type '{ children: Element; camera: { position: [number, number, number]; fov: number; }; fog: FogExp2; }' is not assignable to type 'IntrinsicAttributes & CanvasProps'.
  Property 'fog' does not exist on type 'IntrinsicAttributes & CanvasProps'.
src/sections/Hero.tsx(39,25): error TS6133: 'i' is declared but its value is never read.
